// Vitest Snapshot v1, https://vitest.dev/guide/snapshot.html

exports[`базове розташування об’єктів (еталон плану) > групові столи в центрі кабінету (додано поза sh3d-планом) 1`] = `
{
  "groupChairs": [
    {
      "angle": 4.71238898038469,
      "depth": 34.797436,
      "height": 90.2,
      "width": 34.01158,
      "x": 128,
      "y": -47,
    },
    {
      "angle": 1.5707963267948966,
      "depth": 34.797436,
      "height": 90.2,
      "width": 34.01158,
      "x": 232,
      "y": -47,
    },
    {
      "angle": 4.71238898038469,
      "depth": 34.797436,
      "height": 90.2,
      "width": 34.01158,
      "x": 128,
      "y": 27,
    },
    {
      "angle": 1.5707963267948966,
      "depth": 34.797436,
      "height": 90.2,
      "width": 34.01158,
      "x": 232,
      "y": 27,
    },
    {
      "angle": 4.71238898038469,
      "depth": 34.797436,
      "height": 90.2,
      "width": 34.01158,
      "x": 128,
      "y": 108,
    },
    {
      "angle": 1.5707963267948966,
      "depth": 34.797436,
      "height": 90.2,
      "width": 34.01158,
      "x": 232,
      "y": 108,
    },
    {
      "angle": 4.71238898038469,
      "depth": 34.797436,
      "height": 90.2,
      "width": 34.01158,
      "x": 128,
      "y": 182,
    },
    {
      "angle": 1.5707963267948966,
      "depth": 34.797436,
      "height": 90.2,
      "width": 34.01158,
      "x": 232,
      "y": 182,
    },
    {
      "angle": 4.71238898038469,
      "depth": 34.797436,
      "height": 90.2,
      "width": 34.01158,
      "x": 278,
      "y": -47,
    },
    {
      "angle": 1.5707963267948966,
      "depth": 34.797436,
      "height": 90.2,
      "width": 34.01158,
      "x": 382,
      "y": -47,
    },
    {
      "angle": 4.71238898038469,
      "depth": 34.797436,
      "height": 90.2,
      "width": 34.01158,
      "x": 278,
      "y": 27,
    },
    {
      "angle": 1.5707963267948966,
      "depth": 34.797436,
      "height": 90.2,
      "width": 34.01158,
      "x": 382,
      "y": 27,
    },
    {
      "angle": 4.71238898038469,
      "depth": 34.797436,
      "height": 90.2,
      "width": 34.01158,
      "x": 278,
      "y": 108,
    },
    {
      "angle": 1.5707963267948966,
      "depth": 34.797436,
      "height": 90.2,
      "width": 34.01158,
      "x": 382,
      "y": 108,
    },
    {
      "angle": 4.71238898038469,
      "depth": 34.797436,
      "height": 90.2,
      "width": 34.01158,
      "x": 278,
      "y": 182,
    },
    {
      "angle": 1.5707963267948966,
      "depth": 34.797436,
      "height": 90.2,
      "width": 34.01158,
      "x": 382,
      "y": 182,
    },
  ],
  "groupTables": [
    {
      "angle": 1.5707963267948966,
      "depth": 68,
      "height": 76,
      "width": 150,
      "x": 180,
      "y": -10,
    },
    {
      "angle": 1.5707963267948966,
      "depth": 68,
      "height": 76,
      "width": 150,
      "x": 180,
      "y": 145,
    },
    {
      "angle": 1.5707963267948966,
      "depth": 68,
      "height": 76,
      "width": 150,
      "x": 330,
      "y": -10,
    },
    {
      "angle": 1.5707963267948966,
      "depth": 68,
      "height": 76,
      "width": 150,
      "x": 330,
      "y": 145,
    },
  ],
}
`;

exports[`базове розташування об’єктів (еталон плану) > зона вчителя та фронт класу 1`] = `
{
  "chalkboard": {
    "angle": 3.1392953,
    "depth": 6,
    "elevation": 88,
    "height": 104,
    "width": 289.3172,
    "x": 340.30896,
    "y": -292.5,
  },
  "displayCabinet": {
    "angle": 6.2785225,
    "depth": 40.919327,
    "height": 160,
    "width": 162.01907,
    "x": 638.50006,
    "y": -272.52722,
  },
  "frontCabinet": {
    "angle": 3.146105,
    "depth": 43.89169,
    "height": 74,
    "width": 109.99977,
    "x": 350.30884,
    "y": -200.90002,
  },
  "frontChair": {
    "angle": 6.275379,
    "depth": 27.507225,
    "height": 87.34,
    "width": 36.59112,
    "x": 355.81,
    "y": -239.06494,
  },
  "interactivePanel": {
    "angle": 6.278861,
    "depth": 47.243576,
    "height": 175.7,
    "width": 158.50237,
    "x": 88.558846,
    "y": -249.3001,
  },
  "teacherChair": {
    "angle": 0.043922365,
    "depth": 36.911125,
    "height": 87.34,
    "width": 43.48799,
    "x": 644.81,
    "y": -148.06494,
  },
  "teacherDesk": {
    "angle": 3.1330774,
    "depth": 93.19995,
    "height": 72.7,
    "width": 169.59998,
    "x": 644.3,
    "y": -106.30005,
  },
  "teacherMonitor": {
    "angle": 3.1531472,
    "depth": 14.820137,
    "elevation": 72,
    "height": 56.8,
    "width": 44.3131,
    "x": 654.7001,
    "y": -76.55005,
  },
}
`;

exports[`базове розташування об’єктів (еталон плану) > кімната 1`] = `
{
  "alcove": {
    "maxX": 791,
    "maxY": -47,
    "minX": 565,
    "minY": -295,
  },
  "height": 250,
  "maxX": 565,
  "maxY": 521,
  "minX": -35,
  "minY": -295,
  "wallThickness": 7.5,
}
`;

exports[`базове розташування об’єктів (еталон плану) > настінні об’єкти редизайну (кондиціонер, стенд, декор, годинник) 1`] = `
{
  "airConditioner": {
    "angle": 1.5707963267948966,
    "depth": 19.5,
    "elevation": 206,
    "height": 27,
    "width": 75,
    "x": 555.4,
    "y": 258.2,
  },
  "pinBoard": {
    "angle": 3.141592653589793,
    "depth": 4,
    "elevation": 139.5,
    "height": 93,
    "width": 150,
    "x": 79.6,
    "y": 518.5,
  },
  "wallClock": {
    "angle": 3.141592653589793,
    "depth": 4.5,
    "elevation": 195,
    "height": 34,
    "width": 34,
    "x": 194.2,
    "y": 518.5,
  },
  "wallDecor": {
    "angle": 3.141592653589793,
    "depth": 1,
    "elevation": 100,
    "height": 142,
    "width": 230,
    "x": 379.6,
    "y": 520,
  },
}
`;

exports[`базове розташування об’єктів (еталон плану) > техніка, тренувальний стіл, отвори, світло, камери 1`] = `
{
  "alcoveWindows": [
    {
      "center": -181.77359,
      "height": 154,
      "sill": 69,
      "width": 170.26321,
    },
  ],
  "cameraPresets": [
    {
      "id": "overview",
      "label": "Загальний вид",
      "position": [
        0.45,
        1.75,
        -1.95,
      ],
      "target": [
        3.7,
        1.2,
        4.4,
      ],
    },
    {
      "id": "arena",
      "label": "Тренувальне поле",
      "position": [
        4.99,
        1.8,
        0.6,
      ],
      "target": [
        4.99,
        0.78,
        -1.04,
      ],
    },
    {
      "id": "board",
      "label": "Дошка",
      "position": [
        2.2,
        1.5,
        0.6,
      ],
      "target": [
        2.2,
        1.2,
        -2.9,
      ],
    },
    {
      "id": "teacher",
      "label": "Стіл учителя",
      "position": [
        4.1,
        1.8,
        -1.7,
      ],
      "target": [
        6.44,
        0.75,
        -1.06,
      ],
    },
    {
      "id": "shelf",
      "label": "Вітрина роботів",
      "position": [
        6.3,
        1.6,
        -0.8,
      ],
      "target": [
        6.39,
        1,
        -2.73,
      ],
    },
  ],
  "ceilingLights": [
    {
      "x": 65,
      "y": -159,
    },
    {
      "x": 265,
      "y": -159,
    },
    {
      "x": 465,
      "y": -159,
    },
    {
      "x": 65,
      "y": 113,
    },
    {
      "x": 265,
      "y": 113,
    },
    {
      "x": 465,
      "y": 113,
    },
    {
      "x": 65,
      "y": 385,
    },
    {
      "x": 265,
      "y": 385,
    },
    {
      "x": 465,
      "y": 385,
    },
    {
      "x": 678,
      "y": -233,
    },
    {
      "x": 678,
      "y": -109,
    },
  ],
  "eastWindows": [
    {
      "center": 120.2264,
      "height": 154,
      "sill": 69,
      "width": 170.26321,
    },
    {
      "center": 396.2264,
      "height": 154,
      "sill": 69,
      "width": 170.26321,
    },
  ],
  "networkSwitch": {
    "angle": 3.141592653589793,
    "depth": 18.800003,
    "elevation": 62,
    "height": 8.5,
    "width": 30.099976,
    "x": -15,
    "y": 509,
  },
  "powerStation": {
    "angle": 0,
    "depth": 49.8,
    "height": 18.1,
    "width": 45.6,
    "x": 754.1088,
    "y": -270.00003,
  },
  "trainingTable": {
    "angle": 3.135993,
    "depth": 93.61793,
    "height": 72,
    "width": 93.45411,
    "x": 498.77527,
    "y": -103.90001,
  },
  "westDoor": {
    "center": -148.05002,
    "height": 212.1,
    "sill": 0,
    "width": 89.6,
  },
}
`;

exports[`базове розташування об’єктів (еталон плану) > учнівські місця: столи, монітори, крісла 1`] = `
{
  "chairs": [
    {
      "angle": 1.5665131,
      "depth": 34.797436,
      "height": 90.2,
      "width": 34.01158,
      "x": 56.725204,
      "y": -30.450026,
    },
    {
      "angle": 1.5665131,
      "depth": 34.797436,
      "height": 90.2,
      "width": 34.01158,
      "x": 62.725204,
      "y": 79.54997,
    },
    {
      "angle": 1.5665131,
      "depth": 34.797436,
      "height": 90.2,
      "width": 34.01158,
      "x": 66.725204,
      "y": 171.54997,
    },
    {
      "angle": 1.5665131,
      "depth": 34.797436,
      "height": 90.2,
      "width": 34.01158,
      "x": 68.725204,
      "y": 273.55,
    },
    {
      "angle": 1.5665131,
      "depth": 34.797436,
      "height": 90.2,
      "width": 34.01158,
      "x": 70.725204,
      "y": 369.55,
    },
    {
      "angle": 4.631262,
      "depth": 34.797436,
      "height": 90.2,
      "width": 34.01158,
      "x": 426.72522,
      "y": 55.549988,
    },
    {
      "angle": 4.631262,
      "depth": 34.797436,
      "height": 90.2,
      "width": 34.01158,
      "x": 434.72522,
      "y": 153.54999,
    },
    {
      "angle": 4.631262,
      "depth": 34.797436,
      "height": 90.2,
      "width": 34.01158,
      "x": 442.72522,
      "y": 273.55,
    },
    {
      "angle": 4.631262,
      "depth": 34.797436,
      "height": 90.2,
      "width": 34.01158,
      "x": 444.72522,
      "y": 371.55,
    },
    {
      "angle": 0.030537128,
      "depth": 34.797436,
      "height": 90.2,
      "width": 34.01158,
      "x": 100.725204,
      "y": 431.55,
    },
    {
      "angle": 0.030537128,
      "depth": 34.797436,
      "height": 90.2,
      "width": 34.01158,
      "x": 208.7252,
      "y": 433.55,
    },
    {
      "angle": 0.030537128,
      "depth": 34.797436,
      "height": 90.2,
      "width": 34.01158,
      "x": 306.72522,
      "y": 439.55,
    },
    {
      "angle": 0.030537128,
      "depth": 34.797436,
      "height": 90.2,
      "width": 34.01158,
      "x": 396.72522,
      "y": 437.55,
    },
  ],
  "desks": [
    {
      "angle": 4.726069,
      "depth": 49.099976,
      "height": 75.8,
      "width": 100,
      "x": 9.5,
      "y": -32.350037,
    },
    {
      "angle": 4.726069,
      "depth": 49.099976,
      "height": 75.8,
      "width": 100,
      "x": 9.5,
      "y": 73.64996,
    },
    {
      "angle": 4.726069,
      "depth": 49.099976,
      "height": 75.8,
      "width": 100,
      "x": 13.5,
      "y": 167.64996,
    },
    {
      "angle": 4.7240515,
      "depth": 49.099976,
      "height": 75.8,
      "width": 100,
      "x": 13.5,
      "y": 271.64996,
    },
    {
      "angle": 4.7240515,
      "depth": 49.099976,
      "height": 75.8,
      "width": 100,
      "x": 15.5,
      "y": 379.64996,
    },
    {
      "angle": 1.5509917,
      "depth": 49.099976,
      "height": 75.8,
      "width": 100,
      "x": 487.5,
      "y": 43.649963,
    },
    {
      "angle": 1.5509917,
      "depth": 49.099976,
      "height": 75.8,
      "width": 100,
      "x": 491.5,
      "y": 157.64996,
    },
    {
      "angle": 1.5509917,
      "depth": 49.099976,
      "height": 75.8,
      "width": 100,
      "x": 491.5,
      "y": 269.64996,
    },
    {
      "angle": 1.5509917,
      "depth": 49.099976,
      "height": 75.8,
      "width": 100,
      "x": 495.5,
      "y": 377.64996,
    },
    {
      "angle": 0.00476044,
      "depth": 49.099976,
      "height": 75.8,
      "width": 100,
      "x": 101.50006,
      "y": 481.64996,
    },
    {
      "angle": 0.019340213,
      "depth": 49.099976,
      "height": 75.8,
      "width": 100,
      "x": 207.50006,
      "y": 485.64996,
    },
    {
      "angle": 0.022281345,
      "depth": 49.099976,
      "height": 75.8,
      "width": 100,
      "x": 307.50006,
      "y": 487.64996,
    },
    {
      "angle": 0.013842281,
      "depth": 49.099976,
      "height": 75.8,
      "width": 100,
      "x": 413.50006,
      "y": 487.64996,
    },
  ],
  "monitors": [
    {
      "angle": 4.717838,
      "depth": 14.820137,
      "elevation": 78,
      "height": 56.8,
      "width": 44.3131,
      "x": 12.700035,
      "y": -40.55005,
    },
    {
      "angle": 4.717838,
      "depth": 14.820137,
      "elevation": 78,
      "height": 56.8,
      "width": 44.3131,
      "x": 14.700035,
      "y": 57.44995,
    },
    {
      "angle": 4.717838,
      "depth": 14.820137,
      "elevation": 78,
      "height": 56.8,
      "width": 44.3131,
      "x": 16.700035,
      "y": 161.44995,
    },
    {
      "angle": 4.717838,
      "depth": 14.820137,
      "elevation": 78,
      "height": 56.8,
      "width": 44.3131,
      "x": 14.700035,
      "y": 267.44995,
    },
    {
      "angle": 4.717838,
      "depth": 14.820137,
      "elevation": 78,
      "height": 56.8,
      "width": 44.3131,
      "x": 18.700035,
      "y": 369.44995,
    },
    {
      "angle": 1.6009792,
      "depth": 14.820137,
      "elevation": 78,
      "height": 56.8,
      "width": 44.3131,
      "x": 490.70007,
      "y": 45.44995,
    },
    {
      "angle": 1.6009792,
      "depth": 14.820137,
      "elevation": 78,
      "height": 56.8,
      "width": 44.3131,
      "x": 494.70007,
      "y": 155.44995,
    },
    {
      "angle": 1.6009792,
      "depth": 14.820137,
      "elevation": 78,
      "height": 56.8,
      "width": 44.3131,
      "x": 498.70007,
      "y": 265.44995,
    },
    {
      "angle": 1.6009792,
      "depth": 14.820137,
      "elevation": 78,
      "height": 56.8,
      "width": 44.3131,
      "x": 500.70004,
      "y": 375.44995,
    },
    {
      "angle": 3.1570071295897932,
      "depth": 14.820137,
      "elevation": 78,
      "height": 56.8,
      "width": 44.3131,
      "x": 98.70001,
      "y": 481.44995,
    },
    {
      "angle": 3.1570071295897932,
      "depth": 14.820137,
      "elevation": 78,
      "height": 56.8,
      "width": 44.3131,
      "x": 208.70001,
      "y": 481.44995,
    },
    {
      "angle": 3.150302799589793,
      "depth": 14.820137,
      "elevation": 78,
      "height": 56.8,
      "width": 44.3131,
      "x": 312.7,
      "y": 487.44995,
    },
    {
      "angle": 3.1570071295897932,
      "depth": 14.820137,
      "elevation": 78,
      "height": 56.8,
      "width": 44.3131,
      "x": 412.7,
      "y": 489.44995,
    },
  ],
}
`;
